--------- beginning of main
07-10 14:21:11.044 D/UsbSerialConn(16921): PING tx ok=true
07-10 14:21:12.045 D/UsbSerialConn(16921): PING tx ok=true
07-10 14:21:13.047 D/UsbSerialConn(16921): PING tx ok=true
07-10 14:21:14.048 D/UsbSerialConn(16921): PING tx ok=true
07-10 14:21:15.050 D/UsbSerialConn(16921): PING tx ok=true
07-10 14:21:16.051 D/UsbSerialConn(16921): PING tx ok=true
07-10 14:21:17.053 D/UsbSerialConn(16921): PING tx ok=true
07-10 14:21:18.055 D/UsbSerialConn(16921): PING tx ok=true
07-10 14:21:19.056 D/UsbSerialConn(16921): PING tx ok=true
07-10 14:21:20.058 D/UsbSerialConn(16921): PING tx ok=true
07-10 14:21:21.059 D/UsbSerialConn(16921): PING tx ok=true
07-10 14:21:22.061 D/UsbSerialConn(16921): PING tx ok=true
07-10 14:21:23.062 D/UsbSerialConn(16921): PING tx ok=true
07-10 14:21:24.064 D/UsbSerialConn(16921): PING tx ok=true
07-10 14:21:25.066 D/UsbSerialConn(16921): PING tx ok=true
07-10 14:21:26.067 D/UsbSerialConn(16921): PING tx ok=true
07-10 14:21:27.068 D/UsbSerialConn(16921): PING tx ok=true
07-10 14:21:28.070 D/UsbSerialConn(16921): PING tx ok=true
07-10 14:21:29.071 D/UsbSerialConn(16921): PING tx ok=true
07-10 14:21:30.073 D/UsbSerialConn(16921): PING tx ok=true
07-10 14:21:31.074 D/UsbSerialConn(16921): PING tx ok=true
07-10 14:21:32.076 D/UsbSerialConn(16921): PING tx ok=true
07-10 14:21:33.077 D/UsbSerialConn(16921): PING tx ok=true
07-10 14:21:34.079 D/UsbSerialConn(16921): PING tx ok=true
07-10 14:21:35.081 D/UsbSerialConn(16921): PING tx ok=true
07-10 14:21:36.082 D/UsbSerialConn(16921): PING tx ok=true
07-10 14:21:37.084 D/UsbSerialConn(16921): PING tx ok=true
07-10 14:21:38.085 D/UsbSerialConn(16921): PING tx ok=true
07-10 14:21:39.087 D/UsbSerialConn(16921): PING tx ok=true
07-10 14:21:40.088 D/UsbSerialConn(16921): PING tx ok=true
07-10 14:21:41.090 D/UsbSerialConn(16921): PING tx ok=true
07-10 14:21:42.091 D/UsbSerialConn(16921): PING tx ok=true
07-10 14:21:43.093 D/UsbSerialConn(16921): PING tx ok=true
07-10 14:21:44.095 D/UsbSerialConn(16921): PING tx ok=true
07-10 14:21:45.096 D/UsbSerialConn(16921): PING tx ok=true
07-10 14:21:46.098 D/UsbSerialConn(16921): PING tx ok=true
07-10 14:21:47.099 D/UsbSerialConn(16921): PING tx ok=true
07-10 14:21:48.101 D/UsbSerialConn(16921): PING tx ok=true
07-10 14:21:49.102 D/UsbSerialConn(16921): PING tx ok=true
07-10 14:21:50.104 D/UsbSerialConn(16921): PING tx ok=true
07-10 14:21:51.105 D/UsbSerialConn(16921): PING tx ok=true
07-10 14:21:52.107 D/UsbSerialConn(16921): PING tx ok=true
07-10 14:21:53.108 D/UsbSerialConn(16921): PING tx ok=true
07-10 14:21:54.110 D/UsbSerialConn(16921): PING tx ok=true
07-10 14:21:55.112 D/UsbSerialConn(16921): PING tx ok=true
07-10 14:21:56.113 D/UsbSerialConn(16921): PING tx ok=true
07-10 14:21:57.115 D/UsbSerialConn(16921): PING tx ok=true
07-10 14:21:58.116 D/UsbSerialConn(16921): PING tx ok=true
07-10 14:21:59.120 D/UsbSerialConn(16921): PING tx ok=true
07-10 14:22:00.121 D/UsbSerialConn(16921): PING tx ok=true
07-10 14:22:00.357 I/UsbSerialRelay(16921): RELAY ON — fuel flowing
07-10 14:22:01.122 D/UsbSerialConn(16921): PING tx ok=true
07-10 14:22:02.126 D/UsbSerialConn(16921): PING tx ok=true
07-10 14:22:03.129 D/UsbSerialConn(16921): PING tx ok=true
07-10 14:22:04.130 D/UsbSerialConn(16921): PING tx ok=true
07-10 14:22:05.131 D/UsbSerialConn(16921): PING tx ok=true
07-10 14:22:06.134 D/UsbSerialConn(16921): PING tx ok=true
07-10 14:22:07.136 D/UsbSerialConn(16921): PING tx ok=true
07-10 14:22:08.138 D/UsbSerialConn(16921): PING tx ok=true
07-10 14:22:09.140 D/UsbSerialConn(16921): PING tx ok=true
07-10 14:22:10.142 D/UsbSerialConn(16921): PING tx ok=true
07-10 14:22:11.143 D/UsbSerialConn(16921): PING tx ok=true
07-10 14:22:12.145 D/UsbSerialConn(16921): PING tx ok=true
07-10 14:22:13.146 D/UsbSerialConn(16921): PING tx ok=true
07-10 14:22:14.147 D/UsbSerialConn(16921): PING tx ok=true
07-10 14:22:15.149 D/UsbSerialConn(16921): PING tx ok=true
07-10 14:22:16.150 D/UsbSerialConn(16921): PING tx ok=true
07-10 14:22:17.151 D/UsbSerialConn(16921): PING tx ok=true
07-10 14:22:18.154 D/UsbSerialConn(16921): PING tx ok=true
07-10 14:22:19.155 D/UsbSerialConn(16921): PING tx ok=true
07-10 14:22:20.156 D/UsbSerialConn(16921): PING tx ok=true
07-10 14:22:21.157 D/UsbSerialConn(16921): PING tx ok=true
07-10 14:22:22.159 D/UsbSerialConn(16921): PING tx ok=true
07-10 14:22:23.160 D/UsbSerialConn(16921): PING tx ok=true
07-10 14:22:24.162 D/UsbSerialConn(16921): PING tx ok=true
07-10 14:22:25.164 D/UsbSerialConn(16921): PING tx ok=true
07-10 14:22:26.166 D/UsbSerialConn(16921): PING tx ok=true
07-10 14:22:27.167 D/UsbSerialConn(16921): PING tx ok=true
07-10 14:22:28.169 D/UsbSerialConn(16921): PING tx ok=true
07-10 14:22:29.170 D/UsbSerialConn(16921): PING tx ok=true
07-10 14:22:30.173 D/UsbSerialConn(16921): PING tx ok=true
07-10 14:22:31.174 D/UsbSerialConn(16921): PING tx ok=true
07-10 14:22:32.176 D/UsbSerialConn(16921): PING tx ok=true
07-10 14:22:33.178 D/UsbSerialConn(16921): PING tx ok=true
07-10 14:22:34.179 D/UsbSerialConn(16921): PING tx ok=true
07-10 14:22:35.182 D/UsbSerialConn(16921): PING tx ok=true
07-10 14:22:36.184 D/UsbSerialConn(16921): PING tx ok=true
07-10 14:22:37.185 D/UsbSerialConn(16921): PING tx ok=true
07-10 14:22:38.186 D/UsbSerialConn(16921): PING tx ok=true
07-10 14:22:39.188 D/UsbSerialConn(16921): PING tx ok=true
07-10 14:22:40.189 D/UsbSerialConn(16921): PING tx ok=true
07-10 14:22:41.195 D/UsbSerialConn(16921): PING tx ok=true
07-10 14:22:42.197 D/UsbSerialConn(16921): PING tx ok=true
07-10 14:22:43.199 D/UsbSerialConn(16921): PING tx ok=true
07-10 14:22:44.200 D/UsbSerialConn(16921): PING tx ok=true
07-10 14:22:45.203 D/UsbSerialConn(16921): PING tx ok=true
07-10 14:22:46.204 D/UsbSerialConn(16921): PING tx ok=true
07-10 14:22:47.206 D/UsbSerialConn(16921): PING tx ok=true
07-10 14:22:48.208 D/UsbSerialConn(16921): PING tx ok=true
07-10 14:22:49.210 D/UsbSerialConn(16921): PING tx ok=true
07-10 14:22:50.211 D/UsbSerialConn(16921): PING tx ok=true
07-10 14:22:50.358 I/UsbSerialRelay(16921): RELAY OFF — fuel stopped
07-10 14:22:51.213 D/UsbSerialConn(16921): PING tx ok=true
07-10 14:22:52.215 D/UsbSerialConn(16921): PING tx ok=true
07-10 14:22:53.217 D/UsbSerialConn(16921): PING tx ok=true
07-10 14:22:54.218 D/UsbSerialConn(16921): PING tx ok=true
07-10 14:22:55.220 D/UsbSerialConn(16921): PING tx ok=true
07-10 14:22:56.222 D/UsbSerialConn(16921): PING tx ok=true
07-10 14:22:57.224 D/UsbSerialConn(16921): PING tx ok=true
07-10 14:22:58.225 D/UsbSerialConn(16921): PING tx ok=true
07-10 14:22:59.227 D/UsbSerialConn(16921): PING tx ok=true
07-10 14:23:00.229 D/UsbSerialConn(16921): PING tx ok=true
07-10 14:23:01.230 D/UsbSerialConn(16921): PING tx ok=true
07-10 14:23:02.232 D/UsbSerialConn(16921): PING tx ok=true
07-10 14:23:03.234 D/UsbSerialConn(16921): PING tx ok=true
07-10 14:23:03.583 I/UsbSerialRelay(16921): RELAY ON — fuel flowing
07-10 14:23:04.235 D/UsbSerialConn(16921): PING tx ok=true
07-10 14:23:05.236 D/UsbSerialConn(16921): PING tx ok=true
07-10 14:23:06.250 D/UsbSerialConn(16921): PING tx ok=true
07-10 14:23:07.252 D/UsbSerialConn(16921): PING tx ok=true
07-10 14:23:08.254 D/UsbSerialConn(16921): PING tx ok=true
07-10 14:23:09.256 D/UsbSerialConn(16921): PING tx ok=true
07-10 14:23:10.258 D/UsbSerialConn(16921): PING tx ok=true
07-10 14:23:11.260 D/UsbSerialConn(16921): PING tx ok=true
07-10 14:23:12.261 D/UsbSerialConn(16921): PING tx ok=true
07-10 14:23:13.263 D/UsbSerialConn(16921): PING tx ok=true
07-10 14:23:14.264 D/UsbSerialConn(16921): PING tx ok=true
07-10 14:23:15.267 D/UsbSerialConn(16921): PING tx ok=true
07-10 14:23:16.269 D/UsbSerialConn(16921): PING tx ok=true
07-10 14:23:17.270 D/UsbSerialConn(16921): PING tx ok=true
07-10 14:23:18.271 D/UsbSerialConn(16921): PING tx ok=true
07-10 14:23:19.273 D/UsbSerialConn(16921): PING tx ok=true
07-10 14:23:20.275 D/UsbSerialConn(16921): PING tx ok=true
07-10 14:23:21.276 D/UsbSerialConn(16921): PING tx ok=true
07-10 14:23:22.277 D/UsbSerialConn(16921): PING tx ok=true
07-10 14:23:23.279 D/UsbSerialConn(16921): PING tx ok=true
07-10 14:23:24.280 D/UsbSerialConn(16921): PING tx ok=true
07-10 14:23:25.282 D/UsbSerialConn(16921): PING tx ok=true
07-10 14:23:26.284 D/UsbSerialConn(16921): PING tx ok=true
07-10 14:23:27.286 D/UsbSerialConn(16921): PING tx ok=true
07-10 14:23:28.287 D/UsbSerialConn(16921): PING tx ok=true
07-10 14:23:29.288 D/UsbSerialConn(16921): PING tx ok=true
07-10 14:23:30.290 D/UsbSerialConn(16921): PING tx ok=true
07-10 14:23:31.292 D/UsbSerialConn(16921): PING tx ok=true
07-10 14:23:32.293 D/UsbSerialConn(16921): PING tx ok=true
07-10 14:23:33.295 D/UsbSerialConn(16921): PING tx ok=true
07-10 14:23:34.296 D/UsbSerialConn(16921): PING tx ok=true
07-10 14:23:35.298 D/UsbSerialConn(16921): PING tx ok=true
07-10 14:23:36.300 D/UsbSerialConn(16921): PING tx ok=true
07-10 14:23:37.301 D/UsbSerialConn(16921): PING tx ok=true
07-10 14:23:38.303 D/UsbSerialConn(16921): PING tx ok=true
07-10 14:23:39.305 D/UsbSerialConn(16921): PING tx ok=true
07-10 14:23:40.306 D/UsbSerialConn(16921): PING tx ok=true
07-10 14:23:41.308 D/UsbSerialConn(16921): PING tx ok=true
07-10 14:23:42.309 D/UsbSerialConn(16921): PING tx ok=true
07-10 14:23:43.311 D/UsbSerialConn(16921): PING tx ok=true
07-10 14:23:44.313 D/UsbSerialConn(16921): PING tx ok=true
07-10 14:23:45.315 D/UsbSerialConn(16921): PING tx ok=true
07-10 14:23:46.316 D/UsbSerialConn(16921): PING tx ok=true
07-10 14:23:47.318 D/UsbSerialConn(16921): PING tx ok=true
07-10 14:23:47.985 I/UsbSerialRelay(16921): RELAY OFF — fuel stopped
07-10 14:23:48.320 D/UsbSerialConn(16921): PING tx ok=true
07-10 14:23:49.321 D/UsbSerialConn(16921): PING tx ok=true
07-10 14:23:50.323 D/UsbSerialConn(16921): PING tx ok=true
07-10 14:23:51.325 D/UsbSerialConn(16921): PING tx ok=true
07-10 14:23:52.327 D/UsbSerialConn(16921): PING tx ok=true
07-10 14:23:53.328 D/UsbSerialConn(16921): PING tx ok=true
07-10 14:23:54.330 D/UsbSerialConn(16921): PING tx ok=true
07-10 14:23:55.331 D/UsbSerialConn(16921): PING tx ok=true
07-10 14:23:56.333 D/UsbSerialConn(16921): PING tx ok=true
07-10 14:23:57.334 D/UsbSerialConn(16921): PING tx ok=true
07-10 14:23:58.337 D/UsbSerialConn(16921): PING tx ok=true
07-10 14:23:59.338 D/UsbSerialConn(16921): PING tx ok=true
07-10 14:24:00.339 D/UsbSerialConn(16921): PING tx ok=true
07-10 14:24:01.341 D/UsbSerialConn(16921): PING tx ok=true
07-10 14:24:02.342 D/UsbSerialConn(16921): PING tx ok=true
07-10 14:24:03.344 D/UsbSerialConn(16921): PING tx ok=true
07-10 14:24:04.345 D/UsbSerialConn(16921): PING tx ok=true
07-10 14:24:04.619 I/UsbSerialRelay(16921): RELAY ON — fuel flowing
07-10 14:24:05.346 D/UsbSerialConn(16921): PING tx ok=true
07-10 14:24:06.348 D/UsbSerialConn(16921): PING tx ok=true
07-10 14:24:07.350 D/UsbSerialConn(16921): PING tx ok=true
07-10 14:24:08.353 D/UsbSerialConn(16921): PING tx ok=true
07-10 14:24:09.354 D/UsbSerialConn(16921): PING tx ok=true
07-10 14:24:10.356 D/UsbSerialConn(16921): PING tx ok=true
07-10 14:24:11.358 D/UsbSerialConn(16921): PING tx ok=true
07-10 14:24:12.360 D/UsbSerialConn(16921): PING tx ok=true
07-10 14:24:13.362 D/UsbSerialConn(16921): PING tx ok=true
07-10 14:24:14.364 D/UsbSerialConn(16921): PING tx ok=true
07-10 14:24:15.366 D/UsbSerialConn(16921): PING tx ok=true
07-10 14:24:16.367 D/UsbSerialConn(16921): PING tx ok=true
07-10 14:24:17.368 D/UsbSerialConn(16921): PING tx ok=true
07-10 14:24:18.370 D/UsbSerialConn(16921): PING tx ok=true
07-10 14:24:19.371 D/UsbSerialConn(16921): PING tx ok=true
07-10 14:24:20.373 D/UsbSerialConn(16921): PING tx ok=true
07-10 14:24:21.375 D/UsbSerialConn(16921): PING tx ok=true
07-10 14:24:22.376 D/UsbSerialConn(16921): PING tx ok=true
07-10 14:24:23.378 D/UsbSerialConn(16921): PING tx ok=true
07-10 14:24:24.380 D/UsbSerialConn(16921): PING tx ok=true
07-10 14:24:25.381 D/UsbSerialConn(16921): PING tx ok=true
07-10 14:24:26.382 D/UsbSerialConn(16921): PING tx ok=true
07-10 14:24:27.384 D/UsbSerialConn(16921): PING tx ok=true
07-10 14:24:28.386 D/UsbSerialConn(16921): PING tx ok=true
07-10 14:24:29.387 D/UsbSerialConn(16921): PING tx ok=true
07-10 14:24:30.389 D/UsbSerialConn(16921): PING tx ok=true
07-10 14:24:31.391 D/UsbSerialConn(16921): PING tx ok=true
07-10 14:24:32.392 D/UsbSerialConn(16921): PING tx ok=true
07-10 14:24:33.394 D/UsbSerialConn(16921): PING tx ok=true
07-10 14:24:34.395 D/UsbSerialConn(16921): PING tx ok=true
07-10 14:24:35.397 D/UsbSerialConn(16921): PING tx ok=true
07-10 14:24:36.399 D/UsbSerialConn(16921): PING tx ok=true
07-10 14:24:37.401 D/UsbSerialConn(16921): PING tx ok=true
07-10 14:24:38.402 D/UsbSerialConn(16921): PING tx ok=true
07-10 14:24:39.421 D/UsbSerialConn(16921): PING tx ok=true
07-10 14:24:40.423 D/UsbSerialConn(16921): PING tx ok=true
07-10 14:24:41.426 D/UsbSerialConn(16921): PING tx ok=true
07-10 14:24:42.039 I/UsbSerialRelay(16921): RELAY OFF — fuel stopped
07-10 14:24:42.428 D/UsbSerialConn(16921): PING tx ok=true
07-10 14:24:43.430 D/UsbSerialConn(16921): PING tx ok=true
07-10 14:24:44.431 D/UsbSerialConn(16921): PING tx ok=true
07-10 14:24:45.433 D/UsbSerialConn(16921): PING tx ok=true
07-10 14:24:46.434 D/UsbSerialConn(16921): PING tx ok=true
07-10 14:24:47.435 D/UsbSerialConn(16921): PING tx ok=true
07-10 14:24:48.437 D/UsbSerialConn(16921): PING tx ok=true
07-10 14:24:49.438 D/UsbSerialConn(16921): PING tx ok=true
07-10 14:24:50.440 D/UsbSerialConn(16921): PING tx ok=true
07-10 14:24:51.441 D/UsbSerialConn(16921): PING tx ok=true
07-10 14:24:52.443 D/UsbSerialConn(16921): PING tx ok=true
07-10 14:24:53.239 I/UsbSerialRelay(16921): RELAY ON — fuel flowing
07-10 14:24:53.445 D/UsbSerialConn(16921): PING tx ok=true
07-10 14:24:54.446 D/UsbSerialConn(16921): PING tx ok=true
07-10 14:24:55.448 D/UsbSerialConn(16921): PING tx ok=true
07-10 14:24:56.449 D/UsbSerialConn(16921): PING tx ok=true
07-10 14:24:57.451 D/UsbSerialConn(16921): PING tx ok=true
07-10 14:24:58.453 D/UsbSerialConn(16921): PING tx ok=true
07-10 14:24:59.455 D/UsbSerialConn(16921): PING tx ok=true
07-10 14:25:00.457 D/UsbSerialConn(16921): PING tx ok=true
07-10 14:25:01.459 D/UsbSerialConn(16921): PING tx ok=true
07-10 14:25:02.461 D/UsbSerialConn(16921): PING tx ok=true
07-10 14:25:03.463 D/UsbSerialConn(16921): PING tx ok=true
07-10 14:25:04.464 D/UsbSerialConn(16921): PING tx ok=true
07-10 14:25:05.465 D/UsbSerialConn(16921): PING tx ok=true
07-10 14:25:06.467 D/UsbSerialConn(16921): PING tx ok=true
07-10 14:25:07.468 D/UsbSerialConn(16921): PING tx ok=true
07-10 14:25:08.469 D/UsbSerialConn(16921): PING tx ok=true
07-10 14:25:09.471 D/UsbSerialConn(16921): PING tx ok=true
07-10 14:25:10.473 D/UsbSerialConn(16921): PING tx ok=true
07-10 14:25:11.475 D/UsbSerialConn(16921): PING tx ok=true
07-10 14:25:12.477 D/UsbSerialConn(16921): PING tx ok=true
07-10 14:25:13.478 D/UsbSerialConn(16921): PING tx ok=true
07-10 14:25:14.480 D/UsbSerialConn(16921): PING tx ok=true
07-10 14:25:15.482 D/UsbSerialConn(16921): PING tx ok=true
07-10 14:25:16.484 D/UsbSerialConn(16921): PING tx ok=true
07-10 14:25:17.485 D/UsbSerialConn(16921): PING tx ok=true
07-10 14:25:18.487 D/UsbSerialConn(16921): PING tx ok=true
07-10 14:25:19.488 D/UsbSerialConn(16921): PING tx ok=true
07-10 14:25:20.490 D/UsbSerialConn(16921): PING tx ok=true
07-10 14:25:21.491 D/UsbSerialConn(16921): PING tx ok=true
07-10 14:25:22.494 D/UsbSerialConn(16921): PING tx ok=true
07-10 14:25:23.495 D/UsbSerialConn(16921): PING tx ok=true
07-10 14:25:24.497 D/UsbSerialConn(16921): PING tx ok=true
07-10 14:25:25.498 D/UsbSerialConn(16921): PING tx ok=true
07-10 14:25:26.501 D/UsbSerialConn(16921): PING tx ok=true
07-10 14:25:27.502 D/UsbSerialConn(16921): PING tx ok=true
07-10 14:25:28.504 D/UsbSerialConn(16921): PING tx ok=true
07-10 14:25:29.010 I/UsbSerialRelay(16921): RELAY OFF — fuel stopped
07-10 14:25:29.506 D/UsbSerialConn(16921): PING tx ok=true
07-10 14:25:30.507 D/UsbSerialConn(16921): PING tx ok=true
07-10 14:25:31.509 D/UsbSerialConn(16921): PING tx ok=true
07-10 14:25:32.511 D/UsbSerialConn(16921): PING tx ok=true
07-10 14:25:33.512 D/UsbSerialConn(16921): PING tx ok=true
07-10 14:25:34.514 D/UsbSerialConn(16921): PING tx ok=true
07-10 14:25:35.515 D/UsbSerialConn(16921): PING tx ok=true
07-10 14:25:36.517 D/UsbSerialConn(16921): PING tx ok=true
07-10 14:25:37.519 D/UsbSerialConn(16921): PING tx ok=true
07-10 14:25:38.521 D/UsbSerialConn(16921): PING tx ok=true
07-10 14:25:39.523 D/UsbSerialConn(16921): PING tx ok=true
07-10 14:25:40.524 D/UsbSerialConn(16921): PING tx ok=true
07-10 14:25:41.526 D/UsbSerialConn(16921): PING tx ok=true
07-10 14:25:42.527 D/UsbSerialConn(16921): PING tx ok=true
07-10 14:25:43.529 D/UsbSerialConn(16921): PING tx ok=true
07-10 14:25:44.525 I/UsbSerialRelay(16921): RELAY ON — fuel flowing
07-10 14:25:44.531 D/UsbSerialConn(16921): PING tx ok=true
07-10 14:25:45.532 D/UsbSerialConn(16921): PING tx ok=true
07-10 14:25:46.534 D/UsbSerialConn(16921): PING tx ok=true
07-10 14:25:47.536 D/UsbSerialConn(16921): PING tx ok=true
07-10 14:25:48.537 D/UsbSerialConn(16921): PING tx ok=true
07-10 14:25:49.538 D/UsbSerialConn(16921): PING tx ok=true
07-10 14:25:50.541 D/UsbSerialConn(16921): PING tx ok=true
07-10 14:25:51.542 D/UsbSerialConn(16921): PING tx ok=true
07-10 14:25:52.544 D/UsbSerialConn(16921): PING tx ok=true
07-10 14:25:53.545 D/UsbSerialConn(16921): PING tx ok=true
07-10 14:25:54.547 D/UsbSerialConn(16921): PING tx ok=true
07-10 14:25:55.549 D/UsbSerialConn(16921): PING tx ok=true
07-10 14:25:56.551 D/UsbSerialConn(16921): PING tx ok=true
07-10 14:25:57.553 D/UsbSerialConn(16921): PING tx ok=true
07-10 14:25:58.554 D/UsbSerialConn(16921): PING tx ok=true
07-10 14:25:59.556 D/UsbSerialConn(16921): PING tx ok=true
07-10 14:26:00.557 D/UsbSerialConn(16921): PING tx ok=true
07-10 14:26:01.560 D/UsbSerialConn(16921): PING tx ok=true
07-10 14:26:02.561 D/UsbSerialConn(16921): PING tx ok=true
07-10 14:26:03.563 D/UsbSerialConn(16921): PING tx ok=true
07-10 14:26:04.565 D/UsbSerialConn(16921): PING tx ok=true
07-10 14:26:05.566 D/UsbSerialConn(16921): PING tx ok=true
07-10 14:26:06.568 D/UsbSerialConn(16921): PING tx ok=true
07-10 14:26:07.572 D/UsbSerialConn(16921): PING tx ok=true
07-10 14:26:07.599 I/UsbSerialRelay(16921): RELAY OFF — fuel stopped
07-10 14:26:08.574 D/UsbSerialConn(16921): PING tx ok=true
07-10 14:26:09.576 D/UsbSerialConn(16921): PING tx ok=true
07-10 14:26:10.577 D/UsbSerialConn(16921): PING tx ok=true
07-10 14:26:11.579 D/UsbSerialConn(16921): PING tx ok=true
07-10 14:26:12.581 D/UsbSerialConn(16921): PING tx ok=true
07-10 14:26:13.583 D/UsbSerialConn(16921): PING tx ok=true
07-10 14:26:14.584 D/UsbSerialConn(16921): PING tx ok=true
07-10 14:26:15.586 D/UsbSerialConn(16921): PING tx ok=true
07-10 14:26:16.588 D/UsbSerialConn(16921): PING tx ok=true
07-10 14:26:17.590 D/UsbSerialConn(16921): PING tx ok=true
07-10 14:26:18.591 D/UsbSerialConn(16921): PING tx ok=true
07-10 14:26:19.593 D/UsbSerialConn(16921): PING tx ok=true
07-10 14:26:20.595 D/UsbSerialConn(16921): PING tx ok=true
07-10 14:26:21.577 W/UsbSerialConn(16921): Serial read error (cable unplugged?)
07-10 14:26:21.577 W/UsbSerialConn(16921): java.io.IOException: USB get_status request failed
07-10 14:26:21.577 W/UsbSerialConn(16921): 	at com.hoho.android.usbserial.driver.CommonUsbSerialPort.testConnection(CommonUsbSerialPort.java:180)
07-10 14:26:21.577 W/UsbSerialConn(16921): 	at com.hoho.android.usbserial.driver.CommonUsbSerialPort.testConnection(CommonUsbSerialPort.java:167)
07-10 14:26:21.577 W/UsbSerialConn(16921): 	at com.hoho.android.usbserial.driver.CommonUsbSerialPort.read(CommonUsbSerialPort.java:216)
07-10 14:26:21.577 W/UsbSerialConn(16921): 	at com.hoho.android.usbserial.driver.CommonUsbSerialPort.read(CommonUsbSerialPort.java:192)
07-10 14:26:21.577 W/UsbSerialConn(16921): 	at com.hoho.android.usbserial.driver.CommonUsbSerialPort.read(CommonUsbSerialPort.java:188)
07-10 14:26:21.577 W/UsbSerialConn(16921): 	at com.hoho.android.usbserial.util.SerialInputOutputManager.step(SerialInputOutputManager.java:230)
07-10 14:26:21.577 W/UsbSerialConn(16921): 	at com.hoho.android.usbserial.util.SerialInputOutputManager.run(SerialInputOutputManager.java:204)
07-10 14:26:21.577 W/UsbSerialConn(16921): 	at java.lang.Thread.run(Thread.java:1564)
07-10 14:26:21.583 I/UsbSerialConn(16921): USB serial closed
07-10 14:26:25.501 I/UsbSerialConn(16921): USB serial open @ 115200 8N1 (/dev/bus/usb/001/061)
07-10 14:26:25.502 D/UsbSerialConn(16921): PING tx ok=true
07-10 14:26:26.503 D/UsbSerialConn(16921): PING tx ok=true
07-10 14:26:27.504 D/UsbSerialConn(16921): PING tx ok=true
07-10 14:26:28.506 D/UsbSerialConn(16921): PING tx ok=true
07-10 14:26:29.507 D/UsbSerialConn(16921): PING tx ok=true
07-10 14:26:30.508 D/UsbSerialConn(16921): PING tx ok=true
07-10 14:26:31.510 D/UsbSerialConn(16921): PING tx ok=true
07-10 14:26:32.219 I/UsbSerialRelay(16921): RELAY ON — fuel flowing
07-10 14:26:32.511 D/UsbSerialConn(16921): PING tx ok=true
07-10 14:26:33.513 D/UsbSerialConn(16921): PING tx ok=true
07-10 14:26:34.514 D/UsbSerialConn(16921): PING tx ok=true
07-10 14:26:35.516 D/UsbSerialConn(16921): PING tx ok=true
07-10 14:26:36.518 D/UsbSerialConn(16921): PING tx ok=true
07-10 14:26:37.520 D/UsbSerialConn(16921): PING tx ok=true
07-10 14:26:38.521 D/UsbSerialConn(16921): PING tx ok=true
07-10 14:26:39.523 D/UsbSerialConn(16921): PING tx ok=true
07-10 14:26:40.524 D/UsbSerialConn(16921): PING tx ok=true
07-10 14:26:41.526 D/UsbSerialConn(16921): PING tx ok=true
07-10 14:26:42.527 D/UsbSerialConn(16921): PING tx ok=true
07-10 14:26:43.528 D/UsbSerialConn(16921): PING tx ok=true
07-10 14:26:44.530 D/UsbSerialConn(16921): PING tx ok=true
07-10 14:26:45.531 D/UsbSerialConn(16921): PING tx ok=true
07-10 14:26:46.534 D/UsbSerialConn(16921): PING tx ok=true
07-10 14:26:47.535 D/UsbSerialConn(16921): PING tx ok=true
07-10 14:26:48.537 D/UsbSerialConn(16921): PING tx ok=true
07-10 14:26:49.540 D/UsbSerialConn(16921): PING tx ok=true
07-10 14:26:50.542 D/UsbSerialConn(16921): PING tx ok=true
07-10 14:26:51.543 D/UsbSerialConn(16921): PING tx ok=true
07-10 14:26:52.546 D/UsbSerialConn(16921): PING tx ok=true
07-10 14:26:53.547 D/UsbSerialConn(16921): PING tx ok=true
07-10 14:26:54.549 D/UsbSerialConn(16921): PING tx ok=true
07-10 14:26:55.550 D/UsbSerialConn(16921): PING tx ok=true
07-10 14:26:56.553 D/UsbSerialConn(16921): PING tx ok=true
07-10 14:26:57.555 D/UsbSerialConn(16921): PING tx ok=true
07-10 14:26:58.557 D/UsbSerialConn(16921): PING tx ok=true
07-10 14:26:59.402 I/UsbSerialRelay(16921): RELAY OFF — fuel stopped
07-10 14:26:59.559 D/UsbSerialConn(16921): PING tx ok=true
07-10 14:27:00.560 D/UsbSerialConn(16921): PING tx ok=true
07-10 14:27:01.561 D/UsbSerialConn(16921): PING tx ok=true
07-10 14:27:02.563 D/UsbSerialConn(16921): PING tx ok=true
07-10 14:27:03.564 D/UsbSerialConn(16921): PING tx ok=true
07-10 14:27:04.566 D/UsbSerialConn(16921): PING tx ok=true
07-10 14:27:05.568 D/UsbSerialConn(16921): PING tx ok=true
07-10 14:27:06.569 D/UsbSerialConn(16921): PING tx ok=true
07-10 14:27:06.905 W/UsbSerialConn(16921): Serial read error (cable unplugged?)
07-10 14:27:06.905 W/UsbSerialConn(16921): java.io.IOException: USB get_status request failed
07-10 14:27:06.905 W/UsbSerialConn(16921): 	at com.hoho.android.usbserial.driver.CommonUsbSerialPort.testConnection(CommonUsbSerialPort.java:180)
07-10 14:27:06.905 W/UsbSerialConn(16921): 	at com.hoho.android.usbserial.driver.CommonUsbSerialPort.testConnection(CommonUsbSerialPort.java:167)
07-10 14:27:06.905 W/UsbSerialConn(16921): 	at com.hoho.android.usbserial.driver.CommonUsbSerialPort.read(CommonUsbSerialPort.java:216)
07-10 14:27:06.905 W/UsbSerialConn(16921): 	at com.hoho.android.usbserial.driver.CommonUsbSerialPort.read(CommonUsbSerialPort.java:192)
07-10 14:27:06.905 W/UsbSerialConn(16921): 	at com.hoho.android.usbserial.driver.CommonUsbSerialPort.read(CommonUsbSerialPort.java:188)
07-10 14:27:06.905 W/UsbSerialConn(16921): 	at com.hoho.android.usbserial.util.SerialInputOutputManager.step(SerialInputOutputManager.java:230)
07-10 14:27:06.905 W/UsbSerialConn(16921): 	at com.hoho.android.usbserial.util.SerialInputOutputManager.run(SerialInputOutputManager.java:204)
07-10 14:27:06.905 W/UsbSerialConn(16921): 	at java.lang.Thread.run(Thread.java:1564)
07-10 14:27:06.907 I/UsbSerialConn(16921): USB serial closed
